OK:6
OK:2
OK:8
OK:2
OK:2
ERR:Could not parse the message
ERR:Could not parse the message
ERR:Could not parse the message
ERR:Could not parse the message
