HELLO
RESULT 6
RESULT 2
RESULT 8
RESULT 2
RESULT 2
BYE
